identity at zero strength (should be 1.0 for every arm)
            arm  identical_at_zero   n
            cds           1.000000 360
          clean           1.000000 360
  denoise_naive           0.033333 360
            fsr           1.000000 360
            mts           1.000000 360
          naive           1.000000 360
norm_preserving           1.000000 360 

primary endpoint, budget = naive at c=1.0
            arm  endpoint_mean  endpoint_median  n_features  endpoint_on_common  n_common  boot_mean  boot_lo95  boot_hi95  n_valid  delta_mean  delta_lo95  delta_hi95  p_gt_0
            cds       0.402642         0.410996          12            0.402642        12   0.408151   0.303024   0.525720     2000   -0.132851   -0.257422   -0.023379   0.008
          clean       0.086111         0.033333          12            0.086111        12   0.085382   0.019444   0.172222     2000   -0.455621   -0.636936   -0.281312   0.000
  denoise_naive       0.437494         0.408739          12            0.437494        12   0.448534   0.319601   0.577319     2000   -0.092469   -0.251846    0.036809   0.098
            fsr       0.526611         0.496081          12            0.526611        12   0.549638   0.408159   0.692758     2000    0.008636   -0.048517    0.077212   0.626
            mts       0.184908         0.115465          12            0.184908        12   0.197601   0.101290   0.320595     2000   -0.343401   -0.515301   -0.177216   0.000
          naive       0.534214         0.501967          12            0.534214        12   0.541003   0.399719   0.687061     2000    0.000000    0.000000    0.000000   0.000
norm_preserving       0.378597         0.400099          12            0.378597        12   0.405524   0.292859   0.514700     2000   -0.135479   -0.273885   -0.025321   0.004

secondary budgets
 ref_c             arm  concept_at_budget  delta_mean  delta_lo95  delta_hi95  p_gt_0
   1.5             cds           0.480092   -0.056342   -0.159150    0.066131   0.172
   1.5           clean           0.090909   -0.448321   -0.651752   -0.256968   0.000
   1.5   denoise_naive           0.535274    0.010678   -0.127942    0.160611   0.546
   1.5             fsr           0.539377    0.017507   -0.016380    0.049766   0.826
   1.5             mts           0.263750   -0.268280   -0.469654   -0.054155   0.008
   1.5           naive           0.513792    0.000000    0.000000    0.000000   0.000
   1.5 norm_preserving           0.466749   -0.044768   -0.155369    0.081667   0.202
   2.0             cds           0.456664   -0.059885   -0.172186    0.071033   0.172
   2.0           clean           0.083333   -0.442187   -0.657840   -0.238022   0.000
   2.0   denoise_naive           0.485500   -0.019536   -0.188992    0.142617   0.406
   2.0             fsr           0.503229    0.002802   -0.035709    0.040031   0.572
   2.0             mts           0.287285   -0.223598   -0.455289    0.006472   0.034
   2.0           naive           0.514341    0.000000    0.000000    0.000000   0.000
   2.0 norm_preserving           0.470412   -0.035015   -0.147429    0.094570   0.276
