Warning: You are sending unauthenticated requests to the HF Hub. Please set a HF_TOKEN to enable higher rate limits and faster downloads.
Loading weights:   0%|          | 0/148 [00:00<?, ?it/s]Loading weights: 100%|##########| 148/148 [00:00<00:00, 6561.15it/s]
C:\Projects\Work\T-lab\01-mech-interp\.venv\Lib\site-packages\sae_lens\saes\sae.py:254: UserWarning: 
This SAE has non-empty model_from_pretrained_kwargs. 
For optimal performance, load the model like so:
model = HookedSAETransformer.from_pretrained_no_processing(..., **cfg.model_from_pretrained_kwargs)
  warnings.warn(
C:\Projects\Work\T-lab\01-mech-interp\src\train_direction.py:151: UserWarning: Converting a tensor with requires_grad=True to a scalar may lead to unexpected behavior.
Consider using tensor.detach() first. (Triggered internally at C:\actions-runner\_work\pytorch\pytorch\torch\csrc\autograd\generated\python_variable_methods.cpp:823.)
  {"step": step + 1, "loss": float(loss), "a_rel": a_rel, "c_rel": c_rel, "cos": cos}
Loaded pretrained model gpt2-small into HookedTransformer
fit pool 24000 minus the round-three holdout 12 -> 23988
step 250/2000 loss -0.8299 A/A_naive 0.989 C/C_naive 1.159 cos(w,v) 0.9427
step 500/2000 loss -0.3135 A/A_naive 0.744 C/C_naive 1.430 cos(w,v) 0.8097
step 750/2000 loss -1.0819 A/A_naive 1.202 C/C_naive 1.120 cos(w,v) 0.8755
step 1000/2000 loss -0.7982 A/A_naive 1.019 C/C_naive 1.221 cos(w,v) 0.9179
step 1250/2000 loss -1.0237 A/A_naive 1.024 C/C_naive 0.918 cos(w,v) 0.8591
step 1500/2000 loss 0.1102 A/A_naive 0.939 C/C_naive 2.049 cos(w,v) 0.9109
step 1750/2000 loss -0.9735 A/A_naive 0.973 C/C_naive 0.700 cos(w,v) 0.9005
step 2000/2000 loss 0.4422 A/A_naive 0.906 C/C_naive 2.348 cos(w,v) 0.9164
saved dir_hot, 98304 params, 4.1 min
